add 1.0 8507994 1 5.4885590669614945
amazing 0.5228787452803376 2911536 1 4.27340218226594 9196119 1 4.250520316188928
beer30 1.0 9196119 1 4.250520316188928
bev25erage 1.0 2911536 1 4.27340218226594
beverage 0.5228787452803376 742869 1 2.27340218226594
chocolate 0.6989700043360189 8507994 1 5.4885590669614945
cokeacola 1.0 2911536 1 4.27340218226594
cream 1.0 8507994 1 5.4885590669614945
delicious 1.0 2911536 1 4.27340218226594
hamms 1.0 9196119 1 4.250520316188928
hipster 1.0 742869 1 2.27340218226594
hot 1.0 8507994 1 5.4885590669614945
light 0.6989700043360189 9196119 1 4.250520316188928
mmmmmmmmmm 1.0 9196119 1 4.250520316188928
pbr 1.0 742869 1 2.27340218226594
refreshing 0.6989700043360189 9196119 1 4.250520316188928
sleep 1.0 8507994 1 5.4885590669614945
taste 1.0 2911536 1 4.27340218226594
whipped 1.0 8507994 1 5.4885590669614945
