beverage 0.5228787452803376 3411119 1 2.27340218226594
bud 1.0 1244087 1 2.488559066961494
cider 1.0 3411119 1 2.27340218226594
fall 1.0 3411119 1 2.27340218226594
light 0.6989700043360189 1244087 1 2.488559066961494
nothanks 1.0 1244087 1 2.488559066961494
