ale 1.0 8955181 1 5.0
amazing 0.5228787452803376 3251638 1 2.7619612492274346
awake 1.0 565642 1 3.0
baileys 1.0 3251638 1 2.7619612492274346
beer 1.0 8955181 1 5.0
belgian 1.0 2574313 1 3.761961249227434
beverage 0.5228787452803376 2574313 1 3.761961249227434
blue 1.0 2574313 1 3.761961249227434
chocolate 0.6989700043360189 3251638 1 2.7619612492274346
coffee 1.0 565642 1 3.0
moon 1.0 2574313 1 3.761961249227434
oberon 1.0 8955181 1 5.0
refreshing 0.6989700043360189 2574313 1 3.761961249227434
stay 1.0 565642 1 3.0
summer 1.0 8955181 1 5.0
wheat 1.0 8955181 1 5.0
wow 1.0 3251638 1 2.7619612492274346
