amazing 0.17609125905568124 2911536 1 0.941586898336875 9196119 1 1.16923159004214
beer30 0.47712125471966244 9196119 1 1.16923159004214
bev25erage 0.47712125471966244 2911536 1 0.941586898336875
cokeacola 0.47712125471966244 2911536 1 0.941586898336875
delicious 0.47712125471966244 2911536 1 0.941586898336875
hamms 0.47712125471966244 9196119 1 1.16923159004214
light 0.47712125471966244 9196119 1 1.16923159004214
mmmmmmmmmm 0.47712125471966244 9196119 1 1.16923159004214
refreshing 0.47712125471966244 9196119 1 1.16923159004214
taste 0.47712125471966244 2911536 1 0.941586898336875
