beverage 0.47712125471966244 527080 1 0.91057876682106
hipster 0.47712125471966244 527080 1 0.91057876682106
pbr 0.47712125471966244 527080 1 0.91057876682106
yay 0.47712125471966244 527080 1 0.91057876682106
